---
http_interactions:
- request:
    method: get
    uri: https://webstore.iec.ch/searchkey&RefNbr=IEC%2060050-103&From=0207-01-01&To=0207-12-31&start=1
    body:
      encoding: US-ASCII
      string: ''
    headers:
      User-Agent:
      - Mozilla/5.0 (Macintosh; Intel Mac OS X 10_15_6) AppleWebKit/537.36 (KHTML,
        like Gecko) Chrome/86.0.4240.111 Safari/537.36
      Accept-Encoding:
      - gzip;q=1.0,deflate;q=0.6,identity;q=0.3
      Accept:
      - "*/*"
  response:
    status:
      code: 200
      message: OK
    headers:
      Content-Type:
      - text/html; charset=US-ASCII
      Content-Length:
      - '566'
      Connection:
      - keep-alive
      Server:
      - Lotus-Domino
      Date:
      - Thu, 26 Aug 2021 09:52:13 GMT
      X-Cache:
      - Miss from cloudfront
      Via:
      - 1.1 447f0defb04b912ed949f0fdd5a6492e.cloudfront.net (CloudFront)
      X-Amz-Cf-Pop:
      - ZAG50-C1
      X-Amz-Cf-Id:
      - rZanWmmdKJBRJRZvcez4gIG1AzsqjbDehLD3UrCZSRKgA6SLYSrqhQ==
    body:
      encoding: ASCII-8BIT
      string: "<html>\n<head>\n</head>\n<body text=\"#000000\">\n\n<style>\n\t.highlight
        {\n\t\t    background-color: #ddf0ff;\n    color: #0060aa;\n    text-shadow:
        none;\n\t}\n\t.bold {\n\tfont-weight: bold;\n\t}\n.blue {\ncolor: blue;\n\t}\n</style>\n<script>\n\t$(document).ready(function(){\n\t\ttry
        {\n\n\t\t\tvar k = $(\".search-query\").val().trim();\n\n\t\t\tif (k == '')
        {k = $(\"#search-inputsearch\").val().trim();}\n\t\t\t} catch(e){\n\t\t\t//IE8\n\t\t\tvar
        k = $.trim($(\".search-query\").val());\n\t\t\tif (k == '') {k = $(\".search-query\").val().trim();}\n\t\t\t}\n
        \t\tvar element = k.split(\" \");\n\n\t\tfor (var i = 0; i < k.length; i++)
        {\n\t\t\tif (\telement[i] != undefined) {\t\t\t\t\t\n\t\t\t\t//console.log(i+\"
        - \" + element[i]);\n\t\t\t\tvar word = element[i].replace('\"','');\n\t\t\t\tvar
        regexp=/\\*/g;\n\t\t\t\tvar match = regexp.exec(word);\n\n\n\t\t\t\tword =
        element[i].replace('*','')\n\n\t       \t\t$(\".search-results\").highlight(word,{
        wordsOnly: !match });\n\t\t\t\t$(\"#wr.search-results\").highlight(word,{
        wordsOnly: !match });\n\t\t\t\t$(\"#trf.search-results\").highlight(word,{
        wordsOnly: !match });\n\t\t\t\t} \n\t       \t}\n\t});\n\t\t</script>\n\n<input
        id=\"nbres\" type=\"hidden\"  value=\"0\">\n<ul class=\"search-results lined-list\">\nNo
        valid publication found.\n</body>\n</html>\n"
  recorded_at: Thu, 26 Aug 2021 09:52:07 GMT
- request:
    method: get
    uri: https://webstore.iec.ch/searchkey&type=trf&RefNbr=IEC%2060050-103&From=0207-01-01&To=0207-12-31&start=1
    body:
      encoding: US-ASCII
      string: ''
    headers:
      User-Agent:
      - Mozilla/5.0 (Macintosh; Intel Mac OS X 10_15_6) AppleWebKit/537.36 (KHTML,
        like Gecko) Chrome/86.0.4240.111 Safari/537.36
      Accept-Encoding:
      - gzip;q=1.0,deflate;q=0.6,identity;q=0.3
      Accept:
      - "*/*"
  response:
    status:
      code: 200
      message: OK
    headers:
      Content-Type:
      - text/html; charset=US-ASCII
      Content-Length:
      - '546'
      Connection:
      - keep-alive
      Server:
      - Lotus-Domino
      Date:
      - Thu, 26 Aug 2021 09:52:13 GMT
      X-Cache:
      - Miss from cloudfront
      Via:
      - 1.1 0921eae154c93e666b192fa267ea4bfb.cloudfront.net (CloudFront)
      X-Amz-Cf-Pop:
      - ZAG50-C1
      X-Amz-Cf-Id:
      - Rg16Sj7xzltZ0i84F7h_AbOvuQv_BpwXSrwVVASTml3Anw3twTh1aw==
    body:
      encoding: ASCII-8BIT
      string: "<html>\n<head>\n</head>\n<body text=\"#000000\">\n\n<style>\n\t.highlight
        {\n\t\t    background-color: #ddf0ff;\n    color: #0060aa;\n    text-shadow:
        none;\n\t}\n\t.bold {\n\tfont-weight: bold;\n\t}\n.blue {\ncolor: blue;\n\t}\n</style>\n<script>\n\t$(document).ready(function(){\n\t\ttry
        {\n\n\t\t\tvar k = $(\".search-query\").val().trim();\n\n\t\t\tif (k == '')
        {k = $(\"#search-inputsearch\").val().trim();}\n\t\t\t} catch(e){\n\t\t\t//IE8\n\t\t\tvar
        k = $.trim($(\".search-query\").val());\n\t\t\tif (k == '') {k = $(\".search-query\").val().trim();}\n\t\t\t}\n
        \t\tvar element = k.split(\" \");\n\n\t\tfor (var i = 0; i < k.length; i++)
        {\n\t\t\tif (\telement[i] != undefined) {\t\t\t\t\t\n\t\t\t\t//console.log(i+\"
        - \" + element[i]);\n\t\t\t\tvar word = element[i].replace('\"','');\n\t\t\t\tvar
        regexp=/\\*/g;\n\t\t\t\tvar match = regexp.exec(word);\n\n\n\t\t\t\tword =
        element[i].replace('*','')\n\n\t       \t\t$(\".search-results\").highlight(word,{
        wordsOnly: !match });\n\t\t\t\t$(\"#wr.search-results\").highlight(word,{
        wordsOnly: !match });\n\t\t\t\t$(\"#trf.search-results\").highlight(word,{
        wordsOnly: !match });\n\t\t\t\t} \n\t       \t}\n\t});\n\t\t</script>\n\n<input
        id=\"nbrestrf\" type=\"hidden\"  value=\"0\">\nNo publication found.\n</body>\n</html>\n"
  recorded_at: Thu, 26 Aug 2021 09:52:07 GMT
- request:
    method: get
    uri: https://webstore.iec.ch/searchkey&type=wr&RefNbr=IEC%2060050-103&From=0207-01-01&To=0207-12-31&start=1
    body:
      encoding: US-ASCII
      string: ''
    headers:
      User-Agent:
      - Mozilla/5.0 (Macintosh; Intel Mac OS X 10_15_6) AppleWebKit/537.36 (KHTML,
        like Gecko) Chrome/86.0.4240.111 Safari/537.36
      Accept-Encoding:
      - gzip;q=1.0,deflate;q=0.6,identity;q=0.3
      Accept:
      - "*/*"
  response:
    status:
      code: 200
      message: OK
    headers:
      Content-Type:
      - text/html; charset=US-ASCII
      Content-Length:
      - '546'
      Connection:
      - keep-alive
      Server:
      - Lotus-Domino
      Date:
      - Thu, 26 Aug 2021 09:52:14 GMT
      X-Cache:
      - Miss from cloudfront
      Via:
      - 1.1 c3ee0b759208fdcbade39e3e283300c7.cloudfront.net (CloudFront)
      X-Amz-Cf-Pop:
      - ZAG50-C1
      X-Amz-Cf-Id:
      - mgHzs58RMyD74gvWajZ2cMHab3RRv6PAfCDhGTzCc4beHOWRMWy8FA==
    body:
      encoding: ASCII-8BIT
      string: "<html>\n<head>\n</head>\n<body text=\"#000000\">\n\n<style>\n\t.highlight
        {\n\t\t    background-color: #ddf0ff;\n    color: #0060aa;\n    text-shadow:
        none;\n\t}\n\t.bold {\n\tfont-weight: bold;\n\t}\n.blue {\ncolor: blue;\n\t}\n</style>\n<script>\n\t$(document).ready(function(){\n\t\ttry
        {\n\n\t\t\tvar k = $(\".search-query\").val().trim();\n\n\t\t\tif (k == '')
        {k = $(\"#search-inputsearch\").val().trim();}\n\t\t\t} catch(e){\n\t\t\t//IE8\n\t\t\tvar
        k = $.trim($(\".search-query\").val());\n\t\t\tif (k == '') {k = $(\".search-query\").val().trim();}\n\t\t\t}\n
        \t\tvar element = k.split(\" \");\n\n\t\tfor (var i = 0; i < k.length; i++)
        {\n\t\t\tif (\telement[i] != undefined) {\t\t\t\t\t\n\t\t\t\t//console.log(i+\"
        - \" + element[i]);\n\t\t\t\tvar word = element[i].replace('\"','');\n\t\t\t\tvar
        regexp=/\\*/g;\n\t\t\t\tvar match = regexp.exec(word);\n\n\n\t\t\t\tword =
        element[i].replace('*','')\n\n\t       \t\t$(\".search-results\").highlight(word,{
        wordsOnly: !match });\n\t\t\t\t$(\"#wr.search-results\").highlight(word,{
        wordsOnly: !match });\n\t\t\t\t$(\"#trf.search-results\").highlight(word,{
        wordsOnly: !match });\n\t\t\t\t} \n\t       \t}\n\t});\n\t\t</script>\n\n<input
        id=\"nbreswr\" type=\"hidden\"  value=\"0\">\nNo publication found.\n</body>\n</html>\n"
  recorded_at: Thu, 26 Aug 2021 09:52:08 GMT
- request:
    method: get
    uri: https://webstore.iec.ch/searchkey&RefNbr=IEC%2060050-1*&From=0207-01-01&To=0207-12-31&start=1
    body:
      encoding: US-ASCII
      string: ''
    headers:
      User-Agent:
      - Mozilla/5.0 (Macintosh; Intel Mac OS X 10_15_6) AppleWebKit/537.36 (KHTML,
        like Gecko) Chrome/86.0.4240.111 Safari/537.36
      Accept-Encoding:
      - gzip;q=1.0,deflate;q=0.6,identity;q=0.3
      Accept:
      - "*/*"
  response:
    status:
      code: 200
      message: OK
    headers:
      Content-Type:
      - text/html; charset=US-ASCII
      Content-Length:
      - '566'
      Connection:
      - keep-alive
      Server:
      - Lotus-Domino
      Date:
      - Thu, 26 Aug 2021 09:52:16 GMT
      X-Cache:
      - Miss from cloudfront
      Via:
      - 1.1 6e67f1ea42d4e5ff9c87cf2624025a28.cloudfront.net (CloudFront)
      X-Amz-Cf-Pop:
      - ZAG50-C1
      X-Amz-Cf-Id:
      - iEhftVWM_1MMp1hg-gDrg6BTrGXFkloaMZEX8Qw2B0jFIqL4lXjXmg==
    body:
      encoding: ASCII-8BIT
      string: "<html>\n<head>\n</head>\n<body text=\"#000000\">\n\n<style>\n\t.highlight
        {\n\t\t    background-color: #ddf0ff;\n    color: #0060aa;\n    text-shadow:
        none;\n\t}\n\t.bold {\n\tfont-weight: bold;\n\t}\n.blue {\ncolor: blue;\n\t}\n</style>\n<script>\n\t$(document).ready(function(){\n\t\ttry
        {\n\n\t\t\tvar k = $(\".search-query\").val().trim();\n\n\t\t\tif (k == '')
        {k = $(\"#search-inputsearch\").val().trim();}\n\t\t\t} catch(e){\n\t\t\t//IE8\n\t\t\tvar
        k = $.trim($(\".search-query\").val());\n\t\t\tif (k == '') {k = $(\".search-query\").val().trim();}\n\t\t\t}\n
        \t\tvar element = k.split(\" \");\n\n\t\tfor (var i = 0; i < k.length; i++)
        {\n\t\t\tif (\telement[i] != undefined) {\t\t\t\t\t\n\t\t\t\t//console.log(i+\"
        - \" + element[i]);\n\t\t\t\tvar word = element[i].replace('\"','');\n\t\t\t\tvar
        regexp=/\\*/g;\n\t\t\t\tvar match = regexp.exec(word);\n\n\n\t\t\t\tword =
        element[i].replace('*','')\n\n\t       \t\t$(\".search-results\").highlight(word,{
        wordsOnly: !match });\n\t\t\t\t$(\"#wr.search-results\").highlight(word,{
        wordsOnly: !match });\n\t\t\t\t$(\"#trf.search-results\").highlight(word,{
        wordsOnly: !match });\n\t\t\t\t} \n\t       \t}\n\t});\n\t\t</script>\n\n<input
        id=\"nbres\" type=\"hidden\"  value=\"0\">\n<ul class=\"search-results lined-list\">\nNo
        valid publication found.\n</body>\n</html>\n"
  recorded_at: Thu, 26 Aug 2021 09:52:10 GMT
- request:
    method: get
    uri: https://webstore.iec.ch/searchkey&type=trf&RefNbr=IEC%2060050-1*&From=0207-01-01&To=0207-12-31&start=1
    body:
      encoding: US-ASCII
      string: ''
    headers:
      User-Agent:
      - Mozilla/5.0 (Macintosh; Intel Mac OS X 10_15_6) AppleWebKit/537.36 (KHTML,
        like Gecko) Chrome/86.0.4240.111 Safari/537.36
      Accept-Encoding:
      - gzip;q=1.0,deflate;q=0.6,identity;q=0.3
      Accept:
      - "*/*"
  response:
    status:
      code: 200
      message: OK
    headers:
      Content-Type:
      - text/html; charset=US-ASCII
      Content-Length:
      - '546'
      Connection:
      - keep-alive
      Server:
      - Lotus-Domino
      Date:
      - Thu, 26 Aug 2021 09:52:17 GMT
      X-Cache:
      - Miss from cloudfront
      Via:
      - 1.1 7fbfed9453edeb4b5dca9173a3f5f8dd.cloudfront.net (CloudFront)
      X-Amz-Cf-Pop:
      - ZAG50-C1
      X-Amz-Cf-Id:
      - jG5mgxos-kN9BHkjv3hoSRJi8edI4LXB6Xn199vYaDbFWizZnsFnlw==
    body:
      encoding: ASCII-8BIT
      string: "<html>\n<head>\n</head>\n<body text=\"#000000\">\n\n<style>\n\t.highlight
        {\n\t\t    background-color: #ddf0ff;\n    color: #0060aa;\n    text-shadow:
        none;\n\t}\n\t.bold {\n\tfont-weight: bold;\n\t}\n.blue {\ncolor: blue;\n\t}\n</style>\n<script>\n\t$(document).ready(function(){\n\t\ttry
        {\n\n\t\t\tvar k = $(\".search-query\").val().trim();\n\n\t\t\tif (k == '')
        {k = $(\"#search-inputsearch\").val().trim();}\n\t\t\t} catch(e){\n\t\t\t//IE8\n\t\t\tvar
        k = $.trim($(\".search-query\").val());\n\t\t\tif (k == '') {k = $(\".search-query\").val().trim();}\n\t\t\t}\n
        \t\tvar element = k.split(\" \");\n\n\t\tfor (var i = 0; i < k.length; i++)
        {\n\t\t\tif (\telement[i] != undefined) {\t\t\t\t\t\n\t\t\t\t//console.log(i+\"
        - \" + element[i]);\n\t\t\t\tvar word = element[i].replace('\"','');\n\t\t\t\tvar
        regexp=/\\*/g;\n\t\t\t\tvar match = regexp.exec(word);\n\n\n\t\t\t\tword =
        element[i].replace('*','')\n\n\t       \t\t$(\".search-results\").highlight(word,{
        wordsOnly: !match });\n\t\t\t\t$(\"#wr.search-results\").highlight(word,{
        wordsOnly: !match });\n\t\t\t\t$(\"#trf.search-results\").highlight(word,{
        wordsOnly: !match });\n\t\t\t\t} \n\t       \t}\n\t});\n\t\t</script>\n\n<input
        id=\"nbrestrf\" type=\"hidden\"  value=\"0\">\nNo publication found.\n</body>\n</html>\n"
  recorded_at: Thu, 26 Aug 2021 09:52:11 GMT
- request:
    method: get
    uri: https://webstore.iec.ch/searchkey&type=wr&RefNbr=IEC%2060050-1*&From=0207-01-01&To=0207-12-31&start=1
    body:
      encoding: US-ASCII
      string: ''
    headers:
      User-Agent:
      - Mozilla/5.0 (Macintosh; Intel Mac OS X 10_15_6) AppleWebKit/537.36 (KHTML,
        like Gecko) Chrome/86.0.4240.111 Safari/537.36
      Accept-Encoding:
      - gzip;q=1.0,deflate;q=0.6,identity;q=0.3
      Accept:
      - "*/*"
  response:
    status:
      code: 200
      message: OK
    headers:
      Content-Type:
      - text/html; charset=US-ASCII
      Content-Length:
      - '546'
      Connection:
      - keep-alive
      Server:
      - Lotus-Domino
      Date:
      - Thu, 26 Aug 2021 09:52:20 GMT
      X-Cache:
      - Miss from cloudfront
      Via:
      - 1.1 eea4db3ca37c99035a6e9a24033c4ceb.cloudfront.net (CloudFront)
      X-Amz-Cf-Pop:
      - ZAG50-C1
      X-Amz-Cf-Id:
      - zaJID8OfoLZToaLrae1uNz3lRqiDlVCLSitMuaeWjjx3KdiD-IzK_A==
    body:
      encoding: ASCII-8BIT
      string: "<html>\n<head>\n</head>\n<body text=\"#000000\">\n\n<style>\n\t.highlight
        {\n\t\t    background-color: #ddf0ff;\n    color: #0060aa;\n    text-shadow:
        none;\n\t}\n\t.bold {\n\tfont-weight: bold;\n\t}\n.blue {\ncolor: blue;\n\t}\n</style>\n<script>\n\t$(document).ready(function(){\n\t\ttry
        {\n\n\t\t\tvar k = $(\".search-query\").val().trim();\n\n\t\t\tif (k == '')
        {k = $(\"#search-inputsearch\").val().trim();}\n\t\t\t} catch(e){\n\t\t\t//IE8\n\t\t\tvar
        k = $.trim($(\".search-query\").val());\n\t\t\tif (k == '') {k = $(\".search-query\").val().trim();}\n\t\t\t}\n
        \t\tvar element = k.split(\" \");\n\n\t\tfor (var i = 0; i < k.length; i++)
        {\n\t\t\tif (\telement[i] != undefined) {\t\t\t\t\t\n\t\t\t\t//console.log(i+\"
        - \" + element[i]);\n\t\t\t\tvar word = element[i].replace('\"','');\n\t\t\t\tvar
        regexp=/\\*/g;\n\t\t\t\tvar match = regexp.exec(word);\n\n\n\t\t\t\tword =
        element[i].replace('*','')\n\n\t       \t\t$(\".search-results\").highlight(word,{
        wordsOnly: !match });\n\t\t\t\t$(\"#wr.search-results\").highlight(word,{
        wordsOnly: !match });\n\t\t\t\t$(\"#trf.search-results\").highlight(word,{
        wordsOnly: !match });\n\t\t\t\t} \n\t       \t}\n\t});\n\t\t</script>\n\n<input
        id=\"nbreswr\" type=\"hidden\"  value=\"0\">\nNo publication found.\n</body>\n</html>\n"
  recorded_at: Thu, 26 Aug 2021 09:52:15 GMT
- request:
    method: get
    uri: https://webstore.iec.ch/searchkey&RefNbr=IEC%2060050-103&From=&To=&start=1
    body:
      encoding: US-ASCII
      string: ''
    headers:
      User-Agent:
      - Mozilla/5.0 (Macintosh; Intel Mac OS X 10_15_6) AppleWebKit/537.36 (KHTML,
        like Gecko) Chrome/86.0.4240.111 Safari/537.36
      Accept-Encoding:
      - gzip;q=1.0,deflate;q=0.6,identity;q=0.3
      Accept:
      - "*/*"
  response:
    status:
      code: 200
      message: OK
    headers:
      Content-Type:
      - text/html; charset=US-ASCII
      Content-Length:
      - '856'
      Connection:
      - keep-alive
      Server:
      - Lotus-Domino
      Date:
      - Thu, 26 Aug 2021 09:52:21 GMT
      X-Cache:
      - Miss from cloudfront
      Via:
      - 1.1 b63f332297d95bccb0f4e41c4aef0ab1.cloudfront.net (CloudFront)
      X-Amz-Cf-Pop:
      - ZAG50-C1
      X-Amz-Cf-Id:
      - LGlpGuxb3lmkevzfgD8SYgNxCocfQC17onoMP6-1XsjuFCNy1-sXkw==
    body:
      encoding: ASCII-8BIT
      string: "<html>\n<head>\n</head>\n<body text=\"#000000\">\n\n<style>\n\t.highlight
        {\n\t\t    background-color: #ddf0ff;\n    color: #0060aa;\n    text-shadow:
        none;\n\t}\n\t.bold {\n\tfont-weight: bold;\n\t}\n.blue {\ncolor: blue;\n\t}\n</style>\n<script>\n\t$(document).ready(function(){\n\t\ttry
        {\n\n\t\t\tvar k = $(\".search-query\").val().trim();\n\n\t\t\tif (k == '')
        {k = $(\"#search-inputsearch\").val().trim();}\n\t\t\t} catch(e){\n\t\t\t//IE8\n\t\t\tvar
        k = $.trim($(\".search-query\").val());\n\t\t\tif (k == '') {k = $(\".search-query\").val().trim();}\n\t\t\t}\n
        \t\tvar element = k.split(\" \");\n\n\t\tfor (var i = 0; i < k.length; i++)
        {\n\t\t\tif (\telement[i] != undefined) {\t\t\t\t\t\n\t\t\t\t//console.log(i+\"
        - \" + element[i]);\n\t\t\t\tvar word = element[i].replace('\"','');\n\t\t\t\tvar
        regexp=/\\*/g;\n\t\t\t\tvar match = regexp.exec(word);\n\n\n\t\t\t\tword =
        element[i].replace('*','')\n\n\t       \t\t$(\".search-results\").highlight(word,{
        wordsOnly: !match });\n\t\t\t\t$(\"#wr.search-results\").highlight(word,{
        wordsOnly: !match });\n\t\t\t\t$(\"#trf.search-results\").highlight(word,{
        wordsOnly: !match });\n\t\t\t\t} \n\t       \t}\n\t});\n\t\t</script>\n\n<input
        id=\"nbres\" type=\"hidden\"  value=\"1\">\n<ul class=\"search-results lined-list\">\n<li>\r\n\n<a
        class=\"showmore\" id=\"161\" href=\"#\">Show all publications &raquo;</a><a
        href=\"/publication/161\">IEC 60050-103:2009&nbsp;&nbsp;</a>\r\n\n<br>International
        Electrotechnical Vocabulary (IEV) - Part 103: Mathematics - Functions<ul class=\"morethesame
        161\">\r\n\n<li>\r\n\n<a href=\"/publication/61317\">IEC 60050-103:2009/AMD1:2017</a>\r\n\n<br>Amendment
        1 - International Electrotechnical Vocabulary (IEV) - Part 103: Mathematics
        - Functions</li>\r\n\n<li>\r\n\n<a href=\"/publication/65769\">IEC 60050-103:2009/AMD2:2019</a>\r\n\n<br>Amendment
        2 - International Electrotechnical Vocabulary (IEV) - Part 103: Mathematics
        - Functions</li>\r\n\n<li>\r\n\n<a href=\"/publication/67574\">IEC 60050-103:2009/AMD3:2020</a>\r\n\n<br>Amendment
        3 - International Electrotechnical Vocabulary (IEV) - Part 103: Mathematics
        - Functions</li>\r\n\n</ul>\r\n\n</li>\r\n\n</ul>\n<div class=\"pagination
        pagination-centered\">\n\t\t\t\t<ul><li class=\"active\"><a href=\"#\" Title=\"Current
        page\">1</a></li></ul>\n\t\t   </div>\n</body>\n</html>\n"
  recorded_at: Thu, 26 Aug 2021 09:52:15 GMT
- request:
    method: get
    uri: https://webstore.iec.ch/searchkey&type=trf&RefNbr=IEC%2060050-103&From=&To=&start=1
    body:
      encoding: US-ASCII
      string: ''
    headers:
      User-Agent:
      - Mozilla/5.0 (Macintosh; Intel Mac OS X 10_15_6) AppleWebKit/537.36 (KHTML,
        like Gecko) Chrome/86.0.4240.111 Safari/537.36
      Accept-Encoding:
      - gzip;q=1.0,deflate;q=0.6,identity;q=0.3
      Accept:
      - "*/*"
  response:
    status:
      code: 200
      message: OK
    headers:
      Content-Type:
      - text/html; charset=US-ASCII
      Content-Length:
      - '546'
      Connection:
      - keep-alive
      Server:
      - Lotus-Domino
      Date:
      - Thu, 26 Aug 2021 09:52:21 GMT
      X-Cache:
      - Miss from cloudfront
      Via:
      - 1.1 c49bda74c25f4f26cc20173eec28da1f.cloudfront.net (CloudFront)
      X-Amz-Cf-Pop:
      - ZAG50-C1
      X-Amz-Cf-Id:
      - XUJf1KgDi0RCJEcfHxqyqtvDQWKHDVtgqP6s0IrgNHJkUiPn9-GrQQ==
    body:
      encoding: ASCII-8BIT
      string: "<html>\n<head>\n</head>\n<body text=\"#000000\">\n\n<style>\n\t.highlight
        {\n\t\t    background-color: #ddf0ff;\n    color: #0060aa;\n    text-shadow:
        none;\n\t}\n\t.bold {\n\tfont-weight: bold;\n\t}\n.blue {\ncolor: blue;\n\t}\n</style>\n<script>\n\t$(document).ready(function(){\n\t\ttry
        {\n\n\t\t\tvar k = $(\".search-query\").val().trim();\n\n\t\t\tif (k == '')
        {k = $(\"#search-inputsearch\").val().trim();}\n\t\t\t} catch(e){\n\t\t\t//IE8\n\t\t\tvar
        k = $.trim($(\".search-query\").val());\n\t\t\tif (k == '') {k = $(\".search-query\").val().trim();}\n\t\t\t}\n
        \t\tvar element = k.split(\" \");\n\n\t\tfor (var i = 0; i < k.length; i++)
        {\n\t\t\tif (\telement[i] != undefined) {\t\t\t\t\t\n\t\t\t\t//console.log(i+\"
        - \" + element[i]);\n\t\t\t\tvar word = element[i].replace('\"','');\n\t\t\t\tvar
        regexp=/\\*/g;\n\t\t\t\tvar match = regexp.exec(word);\n\n\n\t\t\t\tword =
        element[i].replace('*','')\n\n\t       \t\t$(\".search-results\").highlight(word,{
        wordsOnly: !match });\n\t\t\t\t$(\"#wr.search-results\").highlight(word,{
        wordsOnly: !match });\n\t\t\t\t$(\"#trf.search-results\").highlight(word,{
        wordsOnly: !match });\n\t\t\t\t} \n\t       \t}\n\t});\n\t\t</script>\n\n<input
        id=\"nbrestrf\" type=\"hidden\"  value=\"0\">\nNo publication found.\n</body>\n</html>\n"
  recorded_at: Thu, 26 Aug 2021 09:52:15 GMT
- request:
    method: get
    uri: https://webstore.iec.ch/searchkey&type=wr&RefNbr=IEC%2060050-103&From=&To=&start=1
    body:
      encoding: US-ASCII
      string: ''
    headers:
      User-Agent:
      - Mozilla/5.0 (Macintosh; Intel Mac OS X 10_15_6) AppleWebKit/537.36 (KHTML,
        like Gecko) Chrome/86.0.4240.111 Safari/537.36
      Accept-Encoding:
      - gzip;q=1.0,deflate;q=0.6,identity;q=0.3
      Accept:
      - "*/*"
  response:
    status:
      code: 200
      message: OK
    headers:
      Content-Type:
      - text/html; charset=US-ASCII
      Content-Length:
      - '546'
      Connection:
      - keep-alive
      Server:
      - Lotus-Domino
      Date:
      - Thu, 26 Aug 2021 09:52:22 GMT
      X-Cache:
      - Miss from cloudfront
      Via:
      - 1.1 76991fdca074ecae847653e013587ff8.cloudfront.net (CloudFront)
      X-Amz-Cf-Pop:
      - ZAG50-C1
      X-Amz-Cf-Id:
      - _7IFemlj7SZG8L5zzsz-kexPDYM7jDmZXxD2uWvZgsMlbv8q3xpVUQ==
    body:
      encoding: ASCII-8BIT
      string: "<html>\n<head>\n</head>\n<body text=\"#000000\">\n\n<style>\n\t.highlight
        {\n\t\t    background-color: #ddf0ff;\n    color: #0060aa;\n    text-shadow:
        none;\n\t}\n\t.bold {\n\tfont-weight: bold;\n\t}\n.blue {\ncolor: blue;\n\t}\n</style>\n<script>\n\t$(document).ready(function(){\n\t\ttry
        {\n\n\t\t\tvar k = $(\".search-query\").val().trim();\n\n\t\t\tif (k == '')
        {k = $(\"#search-inputsearch\").val().trim();}\n\t\t\t} catch(e){\n\t\t\t//IE8\n\t\t\tvar
        k = $.trim($(\".search-query\").val());\n\t\t\tif (k == '') {k = $(\".search-query\").val().trim();}\n\t\t\t}\n
        \t\tvar element = k.split(\" \");\n\n\t\tfor (var i = 0; i < k.length; i++)
        {\n\t\t\tif (\telement[i] != undefined) {\t\t\t\t\t\n\t\t\t\t//console.log(i+\"
        - \" + element[i]);\n\t\t\t\tvar word = element[i].replace('\"','');\n\t\t\t\tvar
        regexp=/\\*/g;\n\t\t\t\tvar match = regexp.exec(word);\n\n\n\t\t\t\tword =
        element[i].replace('*','')\n\n\t       \t\t$(\".search-results\").highlight(word,{
        wordsOnly: !match });\n\t\t\t\t$(\"#wr.search-results\").highlight(word,{
        wordsOnly: !match });\n\t\t\t\t$(\"#trf.search-results\").highlight(word,{
        wordsOnly: !match });\n\t\t\t\t} \n\t       \t}\n\t});\n\t\t</script>\n\n<input
        id=\"nbreswr\" type=\"hidden\"  value=\"0\">\nNo publication found.\n</body>\n</html>\n"
  recorded_at: Thu, 26 Aug 2021 09:52:16 GMT
recorded_with: VCR 6.0.0
